[mabanque.bnpparibas/index.html]
[backblue.gif]
[fade.gif]
[index.html]
[mabanque.bnpparibas/etc.clientlibs/bnpparibas-part-site-front/clientlibs/clientlib-component.min.ed8276b182c710329ea829d9d2e6100f.css]
[mabanque.bnpparibas/etc.clientlibs/bnpparibas-part-site-front/clientlibs/clientlib-base.min.e0b6b2b62e1e932b5c2da338a2c41794.css]
[mabanque.bnpparibas/etc.clientlibs/bnpparibas-part-site-front/clientlibs/clientlib-site.min.27d7eb7eaf184c602357ffa45aa62d3f.css]
[mabanque.bnpparibas/etc.clientlibs/bnpparibas-part-home-front/clientlibs/clientlib-base.min.af34b366a8a675e4bd369f7e9b143941.css]
[mabanque.bnpparibas/etc.clientlibs/bnpparibas-socle-wcm-front/clientlibs/clientlib-not-connected.min.js]
[mabanque.bnpparibas/etc.clientlibs/bnpparibas-socle-wcm-front/clientlibs/clientlib-jquery.min.js]
[mabanque.bnpparibas/etc.clientlibs/bnpparibas-socle-wcm-front/clientlibs/clientlib-bnpp-boot.min.js]
[mabanque.bnpparibas/rsc/contrib/script/dtm/satelliteLoader.js]
[mabanque.bnpparibas/fr/accessibilite.html]
[mabanque.bnpparibas/en/home.html]
[mabanque.bnpparibas/fr/devenir-client-bnp-paribas.html]
[mabanque.bnpparibas/fr/assurer/declarer-sinistre/assurance-auto-declarer-sinistre.html]
[mabanque.bnpparibas/fr/assurer/declarer-sinistre/assurance-habitation-declarer-sinistre.html]
[mabanque.bnpparibas/fr/assurer/declarer-sinistre/bnp-paribas-securite-et-securite-plus-declarer-sinistre.html]
[mabanque.bnpparibas/fr/assurer/declarer-sinistre/mobileo-mobileo2-declarer-sinistre.html]
[mabanque.bnpparibas/content/dam/mabanque/rsc/contrib/image/generique/picto-carte-bloqu-e.png]
[mabanque.bnpparibas/content/dam/mabanque/rsc/contrib/image/generique/oposer-carte.png]
[mabanque.bnpparibas/content/dam/mabanque/rsc/contrib/image/generique/opposer-cheque.png]
[mabanque.bnpparibas/content/dam/mabanque/rsc/contrib/image/generique/opposer-prelevement.png]
[mabanque.bnpparibas/content/dam/mabanque/rsc/contrib/html/particuliers/infographies/assurance/espace-sinistre/images/picto-voiture.png]
[mabanque.bnpparibas/content/dam/mabanque/rsc/contrib/html/particuliers/infographies/assurance/espace-sinistre/images/picto-maison.png]
[mabanque.bnpparibas/content/dam/mabanque/rsc/contrib/html/particuliers/infographies/assurance/espace-sinistre/images/picto-cles-QA.png]
[mabanque.bnpparibas/content/dam/mabanque/rsc/contrib/html/particuliers/infographies/assurance/espace-sinistre/images/picto-mobileo.png]
[mabanque.bnpparibas/content/dam/mabanque/rsc/contrib/html/particuliers/infographies/assurance/espace-sinistre/images/icon-plane-mb.png]
[mabanque.bnpparibas/fr/gerer/ouvrir-un-compte/facilimouv.html]
[mabanque.bnpparibas/fr/gerer/ouvrir-un-compte/facilidom.html]
[mabanque.bnpparibas/fr/constituez-une-epargne-pour-votre-enfant.html]
[mabanque.bnpparibas/fr/gerer/comptes-et-formules/formules-esprit-libre.html]
[mabanque.bnpparibas/fr/gerer/comptes-et-formules/gerer-ses-comptes.html]
[mabanque.bnpparibas/fr/gerer/comptes-et-formules/releves-comptes.html]
[mabanque.bnpparibas/fr/gerer/comptes-et-formules/compte-individuel.html]
[mabanque.bnpparibas/fr/gerer/comptes-et-formules/compte-collectif.html]
[mabanque.bnpparibas/fr/offre-ados.html]
[mabanque.bnpparibas/fr/gerer/comptes-et-formules/forfait-de-compte.html]
[mabanque.bnpparibas/fr/gerer/comptes-et-formules/droit-au-compte.html]
[mabanque.bnpparibas/fr/gerer/cartes-moyens-paiement/cartes-bancaires.html]
[mabanque.bnpparibas/fr/gerer/cartes-moyens-paiement/personnaliser-sa-carte.html]
[mabanque.bnpparibas/fr/gerer/cartes-moyens-paiement/paiement-mobile.html]
[mabanque.bnpparibas/fr/gerer/cartes-moyens-paiement/options-services-bancaires.html]
[mabanque.bnpparibas/fr/gerer/cartes-moyens-paiement/moyens-paiement.html]
[mabanque.bnpparibas/fr/gerer/services-lies-compte/options-et-services.html]
[mabanque.bnpparibas/fr/gerer/services-lies-compte/faire-opposition.html]
[mabanque.bnpparibas/fr/gerer/services-lies-compte/louer-coffre.html]
[mabanque.bnpparibas/fr/gerer/aide-a-la-personne-dons-humanitaires/simplidons-dons-humanitaires.html]
[mabanque.bnpparibas/fr/souscription/credits/pret-personnel-individuel.html]
[mabanque.bnpparibas/fr/emprunter/credits-consommation/pret-projets.html]
[mabanque.bnpparibas/fr/emprunter/credits-consommation/pret-auto.html]
[mabanque.bnpparibas/fr/emprunter/credits-consommation/pret-vehicule-vert.html]
[mabanque.bnpparibas/fr/emprunter/credits-consommation/pret-etudiants.html]
[mabanque.bnpparibas/fr/emprunter/credits-consommation/credit-renouvelable-provisio.html]
[mabanque.bnpparibas/fr/emprunter/credits-consommation/mini-pret-coup-de-pouce.html]
[mabanque.bnpparibas/fr/emprunter/credits-consommation.html]
[mabanque.bnpparibas/fr/emprunter/credits-immobiliers/estimer-capacite-emprunt.html]
[mabanque.bnpparibas/fr/emprunter/credits-immobiliers/financements-immobilier.html]
[mabanque.bnpparibas/fr/emprunter/credits-immobiliers.html]
[mabanque.bnpparibas/fr/assurer/logement/assurance-pret-immobilier.html]
[mabanque.bnpparibas/fr/emprunter/regroupement-credits/pret-regroupement-de-credits-a-la-consommation.html]
[mabanque.bnpparibas/fr/emprunter/regroupement-credits/simulateur-regroupement-credits.html]
[mabanque.bnpparibas/fr/emprunter/mobility4you.html]
[mabanque.bnpparibas/fr/vos-besoins/vos-projets/auto.html]
[mabanque.bnpparibas/fr/assurer/logement/assurance-habitation.html]
[mabanque.bnpparibas/fr/assurer/logement/assurance-habitation-etudiant.html]
[mabanque.bnpparibas/fr/assurer/logement/protection-investisseur-locatif.html]
[mabanque.bnpparibas/fr/assurer/logement/assurance-pret-personnel.html]
[mabanque.bnpparibas/fr/assurer/logement/telesurveillance-homiris-particuliers.html]
[mabanque.bnpparibas/fr/assurer/vehicule/assurance-auto.html]
[mabanque.bnpparibas/fr/assurer/assurance-pret-personnel.html]
[mabanque.bnpparibas/fr/assurer/vehicule/assurance-mobilite-electrique.html]
[mabanque.bnpparibas/fr/assurer/prevoyance/protection-familiale.html]
[mabanque.bnpparibas/fr/assurer/prevoyance/protection-vie-active.html]
[mabanque.bnpparibas/fr/assurer/prevoyance/obseques.html]
[mabanque.bnpparibas/fr/assurer/prevoyance/choisir-sa-prevoyance.html]
[mabanque.bnpparibas/fr/assurer/prevoyance/assurcompte-assurcompte-plus.html]
[mabanque.bnpparibas/fr/assurer/famille-sante/complementaire-sante.html]
[mabanque.bnpparibas/fr/assurer/appareils-mobiles-instruments-paiement/assurance-mobileo.html]
[mabanque.bnpparibas/fr/assurer/appareils-mobiles-instruments-paiement/securite-plus.html]
[mabanque.bnpparibas/fr/assurer/appareils-mobiles-instruments-paiement/securite.html]
[mabanque.bnpparibas/fr/assurer/prevoyance/protection-accidents-de-la-vie.html]
[mabanque.bnpparibas/fr/assurer/famille-sante/assurance-scolaire.html]
[mabanque.bnpparibas/fr/assurer/famille-sante/assurance-etudiants-a-international.html]
[mabanque.bnpparibas/fr/assurer/logement/assurance-pret-immobilier/tout-savoir-assurance-emprunteur.html]
[mabanque.bnpparibas/fr/emprunter/credits-immobiliers/equivalence-de-niveaux-de-garanties.html]
[mabanque.bnpparibas/fr/assurer/declarer-sinistre.html]
[mabanque.bnpparibas/content/dam/mabanque/rsc/contrib/pdf/Encart-Intermediation-Assurance-BNP-Paribas.pdf]
[mabanque.bnpparibas/fr/assurer/ma-decouverte-prevoyance.html]
[mabanque.bnpparibas/fr/epargner/comptes-livrets-epargne/livret-a.html]
[mabanque.bnpparibas/fr/epargner/comptes-livrets-epargne/livret-jeune.html]
[mabanque.bnpparibas/fr/epargner/comptes-livrets-epargne/livret-developpement-durable-solidaire.html]
[mabanque.bnpparibas/fr/epargner/comptes-livrets-epargne/livret-epargne-populaire.html]
[mabanque.bnpparibas/fr/epargner/comptes-livrets-epargne/compte-epargne.html]
[mabanque.bnpparibas/fr/epargner/epargne-logement/plan-epargne-logement.html]
[mabanque.bnpparibas/fr/epargner/epargne-logement/compte-epargne-logement.html]
[mabanque.bnpparibas/fr/epargner/assurance-vie/bnp-paribas-multiplacements-2.html]
[mabanque.bnpparibas/fr/epargner/assurance-vie/bnp-paribas-multiplacements-avenir.html]
[mabanque.bnpparibas/fr/epargner/assurance-vie/faire-vivre-son-contrat-asv-retraite-versement.html]
[mabanque.bnpparibas/fr/epargner/epargne-retraite/bnp-paribas-multiplacements-per.html]
[mabanque.bnpparibas/fr/epargner/fonds-investissement.html]
[mabanque.bnpparibas/fr/epargner/epargner-responsable.html]
[mabanque.bnpparibas/fr/bourse/nos-offres-et-services-bourse.html]
[mabanque.bnpparibas/fr/bourse/nos-nouvelles-offres-bourse.html]
[mabanque.bnpparibas/fr/bourse/les-marches-en-direct/synthese.html]
[mabanque.bnpparibas/fr/bourse/les-comptes-dedies/compte-instruments-financiers.html]
[mabanque.bnpparibas/fr/bourse/les-comptes-dedies/plan-epargne-actions.html]
[mabanque.bnpparibas/fr/bourse/les-comptes-dedies/pea-pme.html]
[mabanque.bnpparibas/fr/bourse/les-comptes-dedies/comparateur-bourse.html]
[mabanque.bnpparibas/fr/bourse/offres-bourse/bourse-start.html]
[mabanque.bnpparibas/fr/bourse/offres-bourse/bourse-active.html]
[mabanque.bnpparibas/fr/nous-contacter/contacts-urgences.html]
[mabanque.bnpparibas/fr/nous-contacter/nous-contacter.html]
[mabanque.bnpparibas/fr/nous-contacter/nous-trouver/trouver-une-agence.html]
[mabanque.bnpparibas/fr/nous-contacter/nous-trouver/agence-en-ligne.html]
[mabanque.bnpparibas/fr/nous-contacter/nous-trouver/agences-internationales.html]
[mabanque.bnpparibas/fr/nous-contacter/accueil-telephonique.html]
[mabanque.bnpparibas/fr/vos-besoins/votre-situation/jeunes.html]
[mabanque.bnpparibas/fr/vos-besoins/votre-situation/en-couple-en-famille.html]
[mabanque.bnpparibas/fr/vos-besoins/votre-situation/senior.html]
[mabanque.bnpparibas/fr/vos-besoins/votre-situation/majeur-protege.html]
[mabanque.bnpparibas/fr/vos-besoins/votre-situation/fragilite-financiere.html]
[mabanque.bnpparibas/fr/vos-besoins/votre-situation/declaration-suivi-succession.html]
[mabanque.bnpparibas/fr/vos-besoins/vos-projets/voyager-a-l-etranger.html]
[mabanque.bnpparibas/fr/vos-besoins/votre-situation/jeunes/etudiants-et-apprentis.html]
[mabanque.bnpparibas/fr/vos-besoins/vos-projets/epargne.html]
[mabanque.bnpparibas/fr/vos-besoins/vos-projets/logement.html]
[mabanque.bnpparibas/fr/vos-besoins/vos-projets/retraite.html]
[mabanque.bnpparibas/fr/vos-besoins/vos-projets/preparer-sa-succession.html]
[mabanque.bnpparibas/fr/vos-besoins/vos-projets/coups-durs.html]
[mabanque.bnpparibas/fr/vos-besoins/vos-projets/transition-energetique-et-ecologique.html]
[mabanque.bnpparibas/fr/gerer/reduire-vos-factures.html]
[mabanque.bnpparibas/fr/vos-besoins/client-international/expatrie.html]
[mabanque.bnpparibas/fr/vos-besoins/client-international/impatrie-ou-retour-expatriation.html]
[mabanque.bnpparibas/fr/vos-besoins/client-international/frontalier.html]
[mabanque.bnpparibas/fr/vos-besoins/client-international/investisseur-etranger.html]
[mabanque.bnpparibas/fr/vos-besoins/client-international/offre-internationale-etudiants.html]
[mabanque.bnpparibas/fr/vos-besoins/nos-conseils-pour-gerer-votre-budget.html]
[mabanque.bnpparibas/fr/vos-besoins/covid-19-vos-questions.html]
[mabanque.bnpparibas/fr/engagement-chartes-et-conventions/site-securise.html]
[mabanque.bnpparibas/fr/ma-banque-et-moi/bienvenue-chez-bnpparibas.html]
[mabanque.bnpparibas/fr/ma-banque-et-moi/nos-services-accompagnement/service-proximite.html]
[mabanque.bnpparibas/fr/ma-banque-et-moi/nos-services-accompagnement/service-affinite.html]
[mabanque.bnpparibas/fr/ma-banque-et-moi/social-media.html]
[mabanque.bnpparibas/fr/ma-banque-et-moi/assistant-virtuel-telmi.html]
[mabanque.bnpparibas/fr/ma-banque-et-moi/tous-les-services-bancaires-en-ligne.html]
[mabanque.bnpparibas/fr/ma-banque-et-moi/nos-applications.html]
[mabanque.bnpparibas/fr/ma-banque-et-moi/bons-plans.html]
[mabanque.bnpparibas/fr/ma-banque-et-moi/sponsoring/cinema.html]
[mabanque.bnpparibas/fr/ma-banque-et-moi/sponsoring/tennis.html]
[mabanque.bnpparibas/fr/ma-banque-et-moi/parrainage.html]
[mabanque.bnpparibas/fr/ma-banque-s-engage.html]
[mabanque.bnpparibas/content/dam/mabanque/icons/icon-rse.svg]
[mabanque.bnpparibas/fr/engagement-chartes-et-conventions/site-securise-2.html]
[mabanque.bnpparibas/content/dam/mabanque/rsc/contrib/image/site-securise/picto_secu_bouclier.png]
[mabanque.bnpparibas/content/dam/mabanque/particuliers/home/visuel-home.jpg]
[mabanque.bnpparibas/content/dam/mabanque/rsc/contrib/homepage/blanc/path-1@1,5x.svg]
[mabanque.bnpparibas/fr/epargner/epargne-retraite/bnp-paribas-multiplacements-per3e5d.html]
[mabanque.bnpparibas/content/dam/mabanque/rsc/contrib/homepage/blanc/Icon-entourage@1,5x.svg]
[mabanque.bnpparibas/fr/conquete-famillec28f.html]
[mabanque.bnpparibas/content/dam/mabanque/rsc/contrib/homepage/blanc/assurancehabitation.png]
[mabanque.bnpparibas/fr/assurer/logement/telesurveillance-homiris-particuliers65f1.html]
[mabanque.bnpparibas/content/dam/mabanque/rsc/contrib/homepage/vert/Icon-piece@1,5x.svg]
[mabanque.bnpparibas/fr/emprunter/regroupement-credits/pret-regroupement-de-credits-a-la-consommation852a.html]
[mabanque.bnpparibas/content/dam/mabanque/rsc/contrib/homepage/vert/picto_esprit_libre.png]
[mabanque.bnpparibas/fr/gerer/comptes-et-formules/formules-esprit-libre1c19.html]
[mabanque.bnpparibas/content/dam/mabanque/rsc/contrib/html/particuliers/home/images/bloc-outil3-cashback.png]
[mabanque.bnpparibas/fr/gerer/cartes-moyens-paiement/options-services-bancaires/cashback-mes-extras2575.html]
[mabanque.bnpparibas/content/dam/mabanque/rsc/contrib/html/particuliers/home/images/selfcare-empreinte-carbone.png]
[mabanque.bnpparibas/fr/vos-besoins/vos-projets/transition-energetique-et-ecologique/empreinte-carbone58c1.html]
[mabanque.bnpparibas/content/dam/mabanque/rsc/contrib/html/particuliers/home/images/hpg-virements-selfcare.png]
[mabanque.bnpparibas/fr/gerer/cartes-moyens-paiement/moyens-paiement/virement-international9703.html]
[mabanque.bnpparibas/content/dam/mabanque/rsc/contrib/image/particuliers/homepage/guide-home.png]
[mabanque.bnpparibas/rsc/contrib/script/simulateur/nousTrouver/rechercher.png]
[mabanque.bnpparibas/content/dam/mabanque/rsc/contrib/image/generique/sprite-form.png]
[mabanque.bnpparibas/content/dam/mabanque/particuliers/home/picto-agence.svg]
[mabanque.bnpparibas/content/dam/mabanque/particuliers/home/picto-conseiller.svg]
[mabanque.bnpparibas/content/dam/mabanque/particuliers/home/picto-ampoule.svg]
[mabanque.bnpparibas/content/dam/mabanque/particuliers/home/horloge.svg]
[mabanque.bnpparibas/content/dam/mabanque/particuliers/home/picto-ordi-coche.svg]
[mabanque.bnpparibas/content/dam/mabanque/particuliers/home/picto-telecharge-doc.png]
[mabanque.bnpparibas/content/dam/mabanque/particuliers/home/picto-retrait.svg]
[mabanque.bnpparibas/content/dam/mabanque/particuliers/home/picto-client-plus.png]
[mabanque.bnpparibas/fr/ouvrir-un-compte/indexa06f.html]
[mabanque.bnpparibas/content/dam/mabanque/icons/instagram.svg]
[mabanque.bnpparibas/fr/espace-donnees-personnelles.html]
[mabanque.bnpparibas/fr/engagement-chartes-et-conventions/mentions-legales.html]
[mabanque.bnpparibas/fr/engagement-chartes-et-conventions/cookies.html]
[mabanque.bnpparibas/fr/reglementation.html]
[mabanque.bnpparibas/fr/reglementation/fonds-de-garantie-des-depots-et-de-resolution.html]
[mabanque.bnpparibas/fr/ma-banque-et-moi/la-banque-d-un-monde-qui-change.html]
[mabanque.bnpparibas/fr/ma-banque-et-moi/engagements-responsables.html]
[mabanque.bnpparibas/fr/devenir-client-bnp-paribas/conditions-eligibilite.html]
[mabanque.bnpparibas/fr/notre-offre/tarifs-et-conditions-bnp-paribas/conditions-tarifaires.html]
[mabanque.bnpparibas/fr/glossaire.html]
[mabanque.bnpparibas/etc.clientlibs/bnpparibas-socle-wcm-front/clientlibs/clientlib-apps.min.js]
[mabanque.bnpparibas/etc.clientlibs/bnpparibas-part-site-front/clientlibs/clientlib-component.min.js]
[mabanque.bnpparibas/etc.clientlibs/bnpparibas-part-site-front/clientlibs/clientlib-base.min.js]
[mabanque.bnpparibas/etc.clientlibs/bnpparibas-part-site-front/clientlibs/clientlib-site.min.js]
[mabanque.bnpparibas/etc.clientlibs/bnpparibas-part-home-front/clientlibs/clientlib-base.min.js]
[mabanque.bnpparibas/rsc/contrib/script/aem/celebrus/dcrm_loaderAem.js]
[mabanque.bnpparibas/index.html]
[mabanque.bnpparibas/etc.clientlibs/bnpparibas-part-site-front/clientlibs/clientlib-base/resources/fonts/OpenSans-Light.eot]
[mabanque.bnpparibas/etc.clientlibs/bnpparibas-part-site-front/clientlibs/clientlib-base/resources/fonts/OpenSans-Lightd41d.eot]
[mabanque.bnpparibas/etc.clientlibs/bnpparibas-part-site-front/clientlibs/clientlib-base/resources/fonts/OpenSans-Light.woff2]
[mabanque.bnpparibas/etc.clientlibs/bnpparibas-part-site-front/clientlibs/clientlib-base/resources/fonts/OpenSans-Light.woff]
[mabanque.bnpparibas/etc.clientlibs/bnpparibas-part-site-front/clientlibs/clientlib-base/resources/fonts/OpenSans-Light.ttf]
[mabanque.bnpparibas/etc.clientlibs/bnpparibas-part-site-front/clientlibs/clientlib-base/resources/fonts/OpenSans-Light.svg]
[mabanque.bnpparibas/etc.clientlibs/bnpparibas-part-site-front/clientlibs/clientlib-base/resources/fonts/OpenSans-BoldItalic.eot]
[mabanque.bnpparibas/etc.clientlibs/bnpparibas-part-site-front/clientlibs/clientlib-base/resources/fonts/OpenSans-BoldItalicd41d.eot]
[mabanque.bnpparibas/etc.clientlibs/bnpparibas-part-site-front/clientlibs/clientlib-base/resources/fonts/OpenSans-BoldItalic.woff2]
[mabanque.bnpparibas/etc.clientlibs/bnpparibas-part-site-front/clientlibs/clientlib-base/resources/fonts/OpenSans-BoldItalic.woff]
[mabanque.bnpparibas/etc.clientlibs/bnpparibas-part-site-front/clientlibs/clientlib-base/resources/fonts/OpenSans-BoldItalic.ttf]
[mabanque.bnpparibas/etc.clientlibs/bnpparibas-part-site-front/clientlibs/clientlib-base/resources/fonts/OpenSans-BoldItalic.svg]
[mabanque.bnpparibas/etc.clientlibs/bnpparibas-part-site-front/clientlibs/clientlib-base/resources/fonts/OpenSans-ExtraBold.eot]
[mabanque.bnpparibas/etc.clientlibs/bnpparibas-part-site-front/clientlibs/clientlib-base/resources/fonts/OpenSans-ExtraBoldd41d.eot]
[mabanque.bnpparibas/etc.clientlibs/bnpparibas-part-site-front/clientlibs/clientlib-base/resources/fonts/OpenSans-ExtraBold.woff2]
[mabanque.bnpparibas/etc.clientlibs/bnpparibas-part-site-front/clientlibs/clientlib-base/resources/fonts/OpenSans-ExtraBold.woff]
[mabanque.bnpparibas/etc.clientlibs/bnpparibas-part-site-front/clientlibs/clientlib-base/resources/fonts/OpenSans-ExtraBold.ttf]
[mabanque.bnpparibas/etc.clientlibs/bnpparibas-part-site-front/clientlibs/clientlib-base/resources/fonts/OpenSans-ExtraBold.svg]
[mabanque.bnpparibas/etc.clientlibs/bnpparibas-part-site-front/clientlibs/clientlib-base/resources/fonts/OpenSans-Bold.eot]
[mabanque.bnpparibas/etc.clientlibs/bnpparibas-part-site-front/clientlibs/clientlib-base/resources/fonts/OpenSans-Boldd41d.eot]
[mabanque.bnpparibas/etc.clientlibs/bnpparibas-part-site-front/clientlibs/clientlib-base/resources/fonts/OpenSans-Bold.woff2]
[mabanque.bnpparibas/etc.clientlibs/bnpparibas-part-site-front/clientlibs/clientlib-base/resources/fonts/OpenSans-Bold.woff]
[mabanque.bnpparibas/etc.clientlibs/bnpparibas-part-site-front/clientlibs/clientlib-base/resources/fonts/OpenSans-Bold.ttf]
[mabanque.bnpparibas/etc.clientlibs/bnpparibas-part-site-front/clientlibs/clientlib-base/resources/fonts/OpenSans-ExtraBoldItalic.eot]
[mabanque.bnpparibas/etc.clientlibs/bnpparibas-part-site-front/clientlibs/clientlib-base/resources/fonts/OpenSans-Bold.svg]
[mabanque.bnpparibas/etc.clientlibs/bnpparibas-part-site-front/clientlibs/clientlib-base/resources/fonts/OpenSans-ExtraBoldItalicd41d.eot]
[mabanque.bnpparibas/etc.clientlibs/bnpparibas-part-site-front/clientlibs/clientlib-base/resources/fonts/OpenSans-ExtraBoldItalic.woff2]
[mabanque.bnpparibas/etc.clientlibs/bnpparibas-part-site-front/clientlibs/clientlib-base/resources/fonts/OpenSans-ExtraBoldItalic.woff]
[mabanque.bnpparibas/etc.clientlibs/bnpparibas-part-site-front/clientlibs/clientlib-base/resources/fonts/OpenSans-ExtraBoldItalic.ttf]
[mabanque.bnpparibas/etc.clientlibs/bnpparibas-part-site-front/clientlibs/clientlib-base/resources/fonts/OpenSans-SemiBoldItalic.eot]
[mabanque.bnpparibas/etc.clientlibs/bnpparibas-part-site-front/clientlibs/clientlib-base/resources/fonts/OpenSans-ExtraBoldItalic.svg]
[mabanque.bnpparibas/etc.clientlibs/bnpparibas-part-site-front/clientlibs/clientlib-base/resources/fonts/OpenSans-SemiBoldItalicd41d.eot]
[mabanque.bnpparibas/etc.clientlibs/bnpparibas-part-site-front/clientlibs/clientlib-base/resources/fonts/OpenSans-SemiBoldItalic.woff2]
[mabanque.bnpparibas/etc.clientlibs/bnpparibas-part-site-front/clientlibs/clientlib-base/resources/fonts/OpenSans-SemiBoldItalic.woff]
[mabanque.bnpparibas/etc.clientlibs/bnpparibas-part-site-front/clientlibs/clientlib-base/resources/fonts/OpenSans-SemiBoldItalic.ttf]
[mabanque.bnpparibas/etc.clientlibs/bnpparibas-part-site-front/clientlibs/clientlib-base/resources/fonts/OpenSans-SemiBoldItalic.svg]
[mabanque.bnpparibas/etc.clientlibs/bnpparibas-part-site-front/clientlibs/clientlib-base/resources/fonts/OpenSans-LightItalic.eot]
[mabanque.bnpparibas/etc.clientlibs/bnpparibas-part-site-front/clientlibs/clientlib-base/resources/fonts/OpenSans-LightItalicd41d.eot]
[mabanque.bnpparibas/etc.clientlibs/bnpparibas-part-site-front/clientlibs/clientlib-base/resources/fonts/OpenSans-LightItalic.woff2]
[mabanque.bnpparibas/etc.clientlibs/bnpparibas-part-site-front/clientlibs/clientlib-base/resources/fonts/OpenSans-LightItalic.woff]
[mabanque.bnpparibas/etc.clientlibs/bnpparibas-part-site-front/clientlibs/clientlib-base/resources/fonts/OpenSans-LightItalic.ttf]
[mabanque.bnpparibas/etc.clientlibs/bnpparibas-part-site-front/clientlibs/clientlib-base/resources/fonts/OpenSans-SemiBold.eot]
[mabanque.bnpparibas/etc.clientlibs/bnpparibas-part-site-front/clientlibs/clientlib-base/resources/fonts/OpenSans-LightItalic.svg]
[mabanque.bnpparibas/etc.clientlibs/bnpparibas-part-site-front/clientlibs/clientlib-base/resources/fonts/OpenSans-SemiBoldd41d.eot]
[mabanque.bnpparibas/etc.clientlibs/bnpparibas-part-site-front/clientlibs/clientlib-base/resources/fonts/OpenSans-SemiBold.woff2]
[mabanque.bnpparibas/etc.clientlibs/bnpparibas-part-site-front/clientlibs/clientlib-base/resources/fonts/OpenSans-SemiBold.woff]
[mabanque.bnpparibas/etc.clientlibs/bnpparibas-part-site-front/clientlibs/clientlib-base/resources/fonts/OpenSans-SemiBold.ttf]
[mabanque.bnpparibas/etc.clientlibs/bnpparibas-part-site-front/clientlibs/clientlib-base/resources/fonts/OpenSans-Regular.eot]
[mabanque.bnpparibas/etc.clientlibs/bnpparibas-part-site-front/clientlibs/clientlib-base/resources/fonts/OpenSans-SemiBold.svg]
[mabanque.bnpparibas/etc.clientlibs/bnpparibas-part-site-front/clientlibs/clientlib-base/resources/fonts/OpenSans-Regulard41d.eot]
[mabanque.bnpparibas/etc.clientlibs/bnpparibas-part-site-front/clientlibs/clientlib-base/resources/fonts/OpenSans-Regular.woff2]
[mabanque.bnpparibas/etc.clientlibs/bnpparibas-part-site-front/clientlibs/clientlib-base/resources/fonts/OpenSans-Regular.woff]
[mabanque.bnpparibas/etc.clientlibs/bnpparibas-part-site-front/clientlibs/clientlib-base/resources/fonts/OpenSans-Regular.ttf]
[mabanque.bnpparibas/etc.clientlibs/bnpparibas-part-site-front/clientlibs/clientlib-base/resources/fonts/OpenSans-Italic.eot]
[mabanque.bnpparibas/etc.clientlibs/bnpparibas-part-site-front/clientlibs/clientlib-base/resources/fonts/OpenSans-Regular.svg]
[mabanque.bnpparibas/etc.clientlibs/bnpparibas-part-site-front/clientlibs/clientlib-base/resources/fonts/OpenSans-Italicd41d.eot]
[mabanque.bnpparibas/etc.clientlibs/bnpparibas-part-site-front/clientlibs/clientlib-base/resources/fonts/OpenSans-Italic.woff2]
[mabanque.bnpparibas/etc.clientlibs/bnpparibas-part-site-front/clientlibs/clientlib-base/resources/fonts/OpenSans-Italic.woff]
[mabanque.bnpparibas/etc.clientlibs/bnpparibas-part-site-front/clientlibs/clientlib-base/resources/fonts/OpenSans-Italic.ttf]
[mabanque.bnpparibas/etc.clientlibs/bnpparibas-part-site-front/clientlibs/clientlib-base/resources/fonts/OpenSans-Italic.svg]
[mabanque.bnpparibas/etc.clientlibs/bnpparibas-part-site-front/clientlibs/clientlib-base/resources/fonts/bnpp_type_regular_v2-webfont.eot]
[mabanque.bnpparibas/etc.clientlibs/bnpparibas-part-site-front/clientlibs/clientlib-base/resources/fonts/bnpp_type_regular_v2-webfontd41d.eot]
[mabanque.bnpparibas/etc.clientlibs/bnpparibas-part-site-front/clientlibs/clientlib-base/resources/fonts/bnpp_type_regular_v2-webfont.woff]
[mabanque.bnpparibas/etc.clientlibs/bnpparibas-part-site-front/clientlibs/clientlib-base/resources/fonts/bnpp_type_regular_v2-webfont.ttf]
[mabanque.bnpparibas/etc.clientlibs/bnpparibas-part-site-front/clientlibs/clientlib-base/resources/fonts/bnpp_type_regular_v2-webfont.svg]
[mabanque.bnpparibas/etc.clientlibs/bnpparibas-part-site-front/clientlibs/clientlib-base/resources/fonts/bnpp_type_bold_v2-webfont.eot]
[mabanque.bnpparibas/etc.clientlibs/bnpparibas-part-site-front/clientlibs/clientlib-base/resources/fonts/bnpp_type_bold_v2-webfontd41d.eot]
[mabanque.bnpparibas/etc.clientlibs/bnpparibas-part-site-front/clientlibs/clientlib-base/resources/fonts/bnpp_type_bold_v2-webfont.woff]
[mabanque.bnpparibas/etc.clientlibs/bnpparibas-part-site-front/clientlibs/clientlib-base/resources/fonts/bnpp_type_bold_v2-webfont.ttf]
[mabanque.bnpparibas/etc.clientlibs/bnpparibas-part-site-front/clientlibs/clientlib-base/resources/fonts/bnpp_type_bold_v2-webfont.svg]
[mabanque.bnpparibas/etc.clientlibs/bnpparibas-part-site-front/clientlibs/clientlib-base/resources/fonts/Roboto-Regular.eot]
[mabanque.bnpparibas/etc.clientlibs/bnpparibas-part-site-front/clientlibs/clientlib-base/resources/fonts/Roboto-Regulard41d.eot]
[mabanque.bnpparibas/etc.clientlibs/bnpparibas-part-site-front/clientlibs/clientlib-base/resources/fonts/Roboto-Regular.woff]
[mabanque.bnpparibas/etc.clientlibs/bnpparibas-part-site-front/clientlibs/clientlib-base/resources/fonts/Roboto-Medium.eot]
[mabanque.bnpparibas/etc.clientlibs/bnpparibas-part-site-front/clientlibs/clientlib-base/resources/fonts/Roboto-Regular.ttf]
[mabanque.bnpparibas/etc.clientlibs/bnpparibas-part-site-front/clientlibs/clientlib-base/resources/fonts/Roboto-Mediumd41d.eot]
[mabanque.bnpparibas/etc.clientlibs/bnpparibas-part-site-front/clientlibs/clientlib-base/resources/fonts/Roboto-Medium.woff]
[mabanque.bnpparibas/etc.clientlibs/bnpparibas-part-site-front/clientlibs/clientlib-base/resources/fonts/Roboto-Medium.ttf]
[mabanque.bnpparibas/etc.clientlibs/bnpparibas-part-site-front/clientlibs/clientlib-base/resources/fonts/bnpp_sans_cond_v2-webfont.eot]
[mabanque.bnpparibas/etc.clientlibs/bnpparibas-part-site-front/clientlibs/clientlib-base/resources/fonts/bnpp_sans_cond_v2-webfontd41d.eot]
[mabanque.bnpparibas/etc.clientlibs/bnpparibas-part-site-front/clientlibs/clientlib-base/resources/fonts/bnpp_sans_cond_v2-webfont.woff]
[mabanque.bnpparibas/etc.clientlibs/bnpparibas-part-site-front/clientlibs/clientlib-base/resources/fonts/bnpp_sans_cond_v2-webfont.ttf]
[mabanque.bnpparibas/etc.clientlibs/bnpparibas-part-site-front/clientlibs/clientlib-base/resources/fonts/bnpp_sans_cond_light_v2-webfont.eot]
[mabanque.bnpparibas/etc.clientlibs/bnpparibas-part-site-front/clientlibs/clientlib-base/resources/fonts/bnpp_sans_cond_light_v2-webfontd41d.eot]
[mabanque.bnpparibas/etc.clientlibs/bnpparibas-part-site-front/clientlibs/clientlib-base/resources/fonts/bnpp_sans_cond_light_v2-webfont.woff]
[mabanque.bnpparibas/etc.clientlibs/bnpparibas-part-site-front/clientlibs/clientlib-base/resources/fonts/bnpp_sans_cond_light_v2-webfont.ttf]
[mabanque.bnpparibas/etc.clientlibs/bnpparibas-part-site-front/clientlibs/clientlib-base/resources/fonts/iconbnp.eot]
[mabanque.bnpparibas/etc.clientlibs/bnpparibas-part-site-front/clientlibs/clientlib-base/resources/fonts/iconbnpd41d.eot]
[mabanque.bnpparibas/etc.clientlibs/bnpparibas-part-site-front/clientlibs/clientlib-base/resources/fonts/iconbnp.woff]
[mabanque.bnpparibas/etc.clientlibs/bnpparibas-part-site-front/clientlibs/clientlib-base/resources/fonts/iconbnp.ttf]
[mabanque.bnpparibas/etc.clientlibs/bnpparibas-part-site-front/clientlibs/clientlib-base/resources/fonts/iconbnp.svg]
[mabanque.bnpparibas/etc.clientlibs/bnpparibas-part-site-front/clientlibs/clientlib-base/resources/fonts/bnpp_sans-webfont-webfont.eot]
[mabanque.bnpparibas/etc.clientlibs/bnpparibas-part-site-front/clientlibs/clientlib-base/resources/fonts/bnpp_sans-webfont-webfontd41d.eot]
[mabanque.bnpparibas/etc.clientlibs/bnpparibas-part-site-front/clientlibs/clientlib-base/resources/fonts/bnpp_sans-webfont-webfont.woff2]
[mabanque.bnpparibas/etc.clientlibs/bnpparibas-part-site-front/clientlibs/clientlib-base/resources/fonts/bnpp_sans-webfont-webfont.woff]
[mabanque.bnpparibas/etc.clientlibs/bnpparibas-part-site-front/clientlibs/clientlib-base/resources/fonts/bnpp_sans-webfont-webfont.ttf]
[mabanque.bnpparibas/etc.clientlibs/bnpparibas-part-site-front/clientlibs/clientlib-base/resources/fonts/bnpp_sans-webfont-webfont.svg]
[mabanque.bnpparibas/etc.clientlibs/bnpparibas-part-site-front/clientlibs/clientlib-base/resources/fonts/bnpp_sans_light-webfont-webfont.eot]
[mabanque.bnpparibas/etc.clientlibs/bnpparibas-part-site-front/clientlibs/clientlib-base/resources/fonts/bnpp_sans_light-webfont-webfontd41d.eot]
[mabanque.bnpparibas/etc.clientlibs/bnpparibas-part-site-front/clientlibs/clientlib-base/resources/fonts/bnpp_sans_light-webfont-webfont.woff2]
[mabanque.bnpparibas/etc.clientlibs/bnpparibas-part-site-front/clientlibs/clientlib-base/resources/fonts/bnpp_sans_light-webfont-webfont.woff]
[mabanque.bnpparibas/etc.clientlibs/bnpparibas-part-site-front/clientlibs/clientlib-base/resources/fonts/bnpp_sans_light-webfont-webfont.ttf]
[mabanque.bnpparibas/etc.clientlibs/bnpparibas-part-site-front/clientlibs/clientlib-base/resources/fonts/bnpp_sans_light-webfont-webfont.svg]
[mabanque.bnpparibas/etc.clientlibs/bnpparibas-part-site-front/clientlibs/clientlib-base/resources/fonts/bnpp_sans_bold-webfont-webfont.eot]
[mabanque.bnpparibas/etc.clientlibs/bnpparibas-part-site-front/clientlibs/clientlib-base/resources/fonts/bnpp_sans_bold-webfont-webfontd41d.eot]
[mabanque.bnpparibas/etc.clientlibs/bnpparibas-part-site-front/clientlibs/clientlib-base/resources/fonts/bnpp_sans_bold-webfont-webfont.woff2]
[mabanque.bnpparibas/etc.clientlibs/bnpparibas-part-site-front/clientlibs/clientlib-base/resources/fonts/bnpp_sans_bold-webfont-webfont.woff]
[mabanque.bnpparibas/etc.clientlibs/bnpparibas-part-site-front/clientlibs/clientlib-base/resources/fonts/bnpp_sans_bold-webfont-webfont.ttf]
[mabanque.bnpparibas/etc.clientlibs/bnpparibas-part-site-front/clientlibs/clientlib-base/resources/fonts/bnpp_sans_bold-webfont-webfont.svg]
[mabanque.bnpparibas/content/dam/mabanque/rsc/contrib/image/particuliers/cle-digitale/illus-cd-1.svg]
[mabanque.bnpparibas/content/dam/mabanque/rsc/contrib/image/particuliers/cle-digitale/cl-digitale.svg]
[mabanque.bnpparibas/content/dam/mabanque/rsc/contrib/image/particuliers/cle-digitale/message.svg]
[mabanque.bnpparibas/content/dam/mabanque/rsc/contrib/image/particuliers/cle-digitale/illu-ouvrir-app.svg]
[mabanque.bnpparibas/content/dam/mabanque/rsc/contrib/image/particuliers/cle-digitale/voir-mon-profil.svg]
[mabanque.bnpparibas/content/dam/mabanque/rsc/contrib/image/particuliers/cle-digitale/op-en-attente.svg]
[mabanque.bnpparibas/content/dam/mabanque/rsc/contrib/image/generique/icon-shadow.png]
[mabanque.bnpparibas/content/dam/mabanque/rsc/contrib/image/particuliers/udc/sprite-udc.png]
[mabanque.bnpparibas/content/dam/mabanque/rsc/contrib/image/particuliers/rop/icon-stylo-blanc.png]
[mabanque.bnpparibas/content/dam/mabanque/rsc/contrib/image/particuliers/mon-profil/sprite-mon-profil.png]
[mabanque.bnpparibas/content/dam/mabanque/rsc/contrib/image/generique/loader-sprites.png]
[mabanque.bnpparibas/content/dam/mabanque/rsc/contrib/image/generique/loader-sprites-green.png]
[mabanque.bnpparibas/content/dam/mabanque/rsc/contrib/image/generique/spinnerIE.gif]
[mabanque.bnpparibas/content/dam/mabanque/rsc/contrib/image/generique/loader2.gif]
[mabanque.bnpparibas/content/dam/mabanque/rsc/contrib/image/generique/form-input-valid.png]
[mabanque.bnpparibas/content/dam/mabanque/rsc/contrib/image/generique/list-sprite.png]
[mabanque.bnpparibas/content/dam/mabanque/rsc/contrib/image/generique/onglet-nav.png]
[mabanque.bnpparibas/content/dam/mabanque/rsc/contrib/image/common/banner/trophee/header-banner-trophee.png]
[mabanque.bnpparibas/content/dam/mabanque/rsc/contrib/image/common/banner/trophee/body-baner-trophee.png]
[mabanque.bnpparibas/content/dam/mabanque/rsc/contrib/image/particuliers/carrousel/ctrl.png]
[mabanque.bnpparibas/content/dam/mabanque/rsc/contrib/image/particuliers/noe/acrobat.gif]
[mabanque.bnpparibas/content/dam/mabanque/rsc/contrib/image/generique/icon-imprimante.png]
[mabanque.bnpparibas/content/dam/mabanque/rsc/contrib/image/generique/icon-html.png]
[mabanque.bnpparibas/content/dam/mabanque/rsc/contrib/image/generique/icon-download.png]
[mabanque.bnpparibas/content/dam/mabanque/rsc/contrib/image/generique/sprite-nav-vir.png]
[mabanque.bnpparibas/content/dam/mabanque/rsc/contrib/image/generique/form-confirm.png]
[mabanque.bnpparibas/content/dam/mabanque/rsc/contrib/image/generique/form-confirm-mini.png]
[mabanque.bnpparibas/content/dam/mabanque/rsc/contrib/image/generique/actions-rapides/icon-notifs.png]
[mabanque.bnpparibas/content/dam/mabanque/rsc/contrib/image/generique/validationSMS.gif]
[mabanque.bnpparibas/content/dam/mabanque/rsc/contrib/image/particuliers/beneficiaires/telephone-valid.png]
[mabanque.bnpparibas/content/dam/mabanque/rsc/contrib/image/particuliers/beneficiaires/telephone.png]
[mabanque.bnpparibas/content/dam/mabanque/rsc/contrib/image/generique/icon-stylo.png]
[mabanque.bnpparibas/content/dam/mabanque/rsc/contrib/image/generique/icon-check.png]
[mabanque.bnpparibas/content/dam/mabanque/rsc/contrib/image/generique/icon-white-check.png]
[mabanque.bnpparibas/content/dam/mabanque/rsc/contrib/image/generique/back.png]
[mabanque.bnpparibas/content/dam/mabanque/rsc/contrib/image/generique/icon-trash.png]
[mabanque.bnpparibas/content/dam/mabanque/rsc/contrib/image/generique/icon-print.png]
[mabanque.bnpparibas/content/dam/mabanque/rsc/contrib/image/generique/icon-download-small.png]
[mabanque.bnpparibas/content/dam/mabanque/rsc/contrib/image/generique/icon-partage.png]
[mabanque.bnpparibas/content/dam/mabanque/rsc/contrib/image/particuliers/messagerie/sprite-messagerie.png]
[mabanque.bnpparibas/content/dam/mabanque/rsc/contrib/image/particuliers/contact/etreRappele.gif]
[mabanque.bnpparibas/content/dam/mabanque/rsc/contrib/image/particuliers/simulateurs/capacite-emprunt.png]
[mabanque.bnpparibas/content/dam/mabanque/rsc/contrib/image/particuliers/simulateurs/mensualite.png]
[mabanque.bnpparibas/content/dam/mabanque/rsc/contrib/image/generique/sprite-paylib.png]
[mabanque.bnpparibas/content/dam/mabanque/rsc/contrib/image/particuliers/rop/sprite-rop2.png]
[mabanque.bnpparibas/content/dam/mabanque/rsc/contrib/image/particuliers/contrats/icon-oiseau.png]
[mabanque.bnpparibas/content/dam/mabanque/rsc/contrib/image/particuliers/contrats/icon-advice.png]
[mabanque.bnpparibas/content/dam/mabanque/rsc/contrib/image/particuliers/contrats/icon-paiement.png]
[mabanque.bnpparibas/content/dam/mabanque/rsc/contrib/image/generique/actions-rapides/icon-cb.png]
[mabanque.bnpparibas/content/dam/mabanque/rsc/contrib/image/generique/actions-rapides/icon-classement.png]
[mabanque.bnpparibas/content/dam/mabanque/rsc/contrib/image/generique/actions-rapides/contacter-conseiller.png]
[mabanque.bnpparibas/content/dam/mabanque/rsc/contrib/image/generique/actions-rapides/faire-virement.png]
[mabanque.bnpparibas/content/dam/mabanque/rsc/contrib/image/generique/actions-rapides/editer-rib.png]
[mabanque.bnpparibas/content/dam/mabanque/rsc/contrib/image/generique/actions-rapides/commander-chequier.png]
[mabanque.bnpparibas/content/dam/mabanque/rsc/contrib/image/generique/actions-rapides/telecharger-releve.png]
[mabanque.bnpparibas/content/dam/mabanque/rsc/contrib/image/generique/actions-rapides/souscrire-en-ligne.png]
[mabanque.bnpparibas/content/dam/mabanque/rsc/contrib/image/generique/actions-rapides/simulateur.png]
[mabanque.bnpparibas/content/dam/mabanque/rsc/contrib/image/generique/actions-rapides/attestation-assurance.png]
[mabanque.bnpparibas/content/dam/mabanque/rsc/contrib/image/generique/actions-rapides/new-assurance.png]
[mabanque.bnpparibas/content/dam/mabanque/rsc/contrib/image/generique/actions-rapides/details-du-contrat.png]
[mabanque.bnpparibas/content/dam/mabanque/rsc/contrib/image/generique/actions-rapides/contrat-en-ligne.png]
[mabanque.bnpparibas/content/dam/mabanque/rsc/contrib/image/generique/actions-rapides/modifier-son-contrat.png]
[mabanque.bnpparibas/content/dam/mabanque/rsc/contrib/image/generique/actions-rapides/declarer-sinistre.png]
[mabanque.bnpparibas/content/dam/mabanque/rsc/contrib/image/generique/actions-rapides/demander-une-assistance.png]
[mabanque.bnpparibas/content/dam/mabanque/rsc/contrib/image/generique/actions-rapides/en-savoir-plus.png]
[mabanque.bnpparibas/content/dam/mabanque/rsc/contrib/image/generique/actions-rapides/bons-plans.png]
[mabanque.bnpparibas/content/dam/mabanque/rsc/contrib/image/generique/actions-rapides/voir-releve.png]
[mabanque.bnpparibas/content/dam/mabanque/rsc/contrib/image/generique/actions-rapides/acceder-documents.png]
[mabanque.bnpparibas/content/dam/mabanque/rsc/contrib/image/generique/actions-rapides/remboursement-frais-sante.png]
[mabanque.bnpparibas/content/dam/mabanque/rsc/contrib/image/generique/actions-rapides/demande-prise-charge.png]
[mabanque.bnpparibas/content/dam/mabanque/rsc/contrib/image/generique/actions-rapides/masquer-ce-compte.png]
[mabanque.bnpparibas/content/dam/mabanque/rsc/contrib/image/generique/actions-rapides/carnet-ordre.png]
[mabanque.bnpparibas/content/dam/mabanque/rsc/contrib/image/generique/actions-rapides/releve-mouvement.png]
[mabanque.bnpparibas/content/dam/mabanque/rsc/contrib/image/generique/actions-rapides/passassion-ordre.png]
[mabanque.bnpparibas/content/dam/mabanque/rsc/contrib/image/generique/actions-rapides/icon-caracteristiques.png]
[mabanque.bnpparibas/content/dam/mabanque/rsc/contrib/image/generique/actions-rapides/ajouter-un-compte.png]
[mabanque.bnpparibas/content/dam/mabanque/rsc/contrib/image/generique/actions-rapides/faire-opposition.png]
[mabanque.bnpparibas/content/dam/mabanque/rsc/contrib/image/generique/actions-rapides/antivirus.png]
[mabanque.bnpparibas/content/dam/mabanque/rsc/contrib/image/particuliers/mes-documents/ampoule.png]
[mabanque.bnpparibas/content/dam/mabanque/rsc/contrib/image/particuliers/outils/cb-outils.png]
[mabanque.bnpparibas/content/dam/mabanque/rsc/contrib/image/particuliers/outils/globe-outils.png]
[mabanque.bnpparibas/content/dam/mabanque/rsc/contrib/image/particuliers/outils/pdf-outils.png]
[mabanque.bnpparibas/content/dam/mabanque/rsc/contrib/image/particuliers/netagence/icon-avantage.png]
[mabanque.bnpparibas/content/dam/mabanque/rsc/contrib/image/generique/logo_bnpp.gif]
[mabanque.bnpparibas/content/dam/mabanque/rsc/contrib/image/particuliers/contrats/icon-white-triangle-left.png]
[mabanque.bnpparibas/content/dam/mabanque/rsc/contrib/image/generique/logo-placeholder.png]
[mabanque.bnpparibas/content/dam/mabanque/rsc/contrib/image/particuliers/applis/google-play-icon.png]
[mabanque.bnpparibas/content/dam/mabanque/rsc/contrib/image/particuliers/applis/apple-store-icon.png]
[mabanque.bnpparibas/content/dam/mabanque/rsc/contrib/image/particuliers/applis/windows-store-icon.png]
[mabanque.bnpparibas/content/dam/mabanque/rsc/contrib/image/particuliers/logo/Logo_WindowsStore.png]
[mabanque.bnpparibas/content/dam/mabanque/rsc/contrib/image/particuliers/logo/logo-Orange_logo.png]
[mabanque.bnpparibas/content/dam/mabanque/rsc/contrib/image/particuliers/logo/logo_sfr.png]
[mabanque.bnpparibas/content/dam/mabanque/rsc/contrib/image/particuliers/logo/challenges.jpg]
[mabanque.bnpparibas/content/dam/mabanque/rsc/contrib/image/particuliers/applis/transferts-icon.png]
[mabanque.bnpparibas/content/dam/mabanque/rsc/contrib/image/particuliers/applis/kix-icon.png]
[mabanque.bnpparibas/content/dam/mabanque/rsc/contrib/image/particuliers/applis/travelr-icon.png]
[mabanque.bnpparibas/content/dam/mabanque/rsc/contrib/image/particuliers/applis/frais-icon.png]
[mabanque.bnpparibas/content/dam/mabanque/rsc/contrib/image/particuliers/applis/coffre-icon.png]
[mabanque.bnpparibas/content/dam/mabanque/rsc/contrib/image/particuliers/applis/assistant-auto-icon.png]
[mabanque.bnpparibas/content/dam/mabanque/rsc/contrib/image/particuliers/applis/assistant-habitation-icon.png]
[mabanque.bnpparibas/content/dam/mabanque/rsc/contrib/image/particuliers/applis/bons-comptes-icon.png]
[mabanque.bnpparibas/content/dam/mabanque/rsc/contrib/image/particuliers/applis/portefeuille-icon.png]
[mabanque.bnpparibas/content/dam/mabanque/rsc/contrib/image/particuliers/mobileo/sprite.png]
[mabanque.bnpparibas/content/dam/mabanque/rsc/contrib/image/generique/bnp-tennis-gris.png]
[mabanque.bnpparibas/content/dam/mabanque/rsc/contrib/image/generique/bnp-tennis-vert.png]
[mabanque.bnpparibas/content/dam/mabanque/rsc/contrib/image/generique/p2p-paylib.png]
[mabanque.bnpparibas/content/dam/mabanque/rsc/contrib/image/particuliers/homepage/fdj_logo.png]
[mabanque.bnpparibas/content/dam/mabanque/rsc/contrib/image/generique/picto_micro.svg]
[mabanque.bnpparibas/content/dam/mabanque/rsc/contrib/image/visu_cartes/sprite-carte-m.png]
[mabanque.bnpparibas/content/dam/mabanque/rsc/contrib/image/visu_cartes/sprite-carte-s.png]
[mabanque.bnpparibas/content/dam/mabanque/rsc/contrib/image/visu_cartes/sprite-carte-b.png]
[mabanque.bnpparibas/content/dam/mabanque/rsc/contrib/image/visu_cartes/sprite-carte-l.png]
[mabanque.bnpparibas/content/dam/mabanque/rsc/contrib/image/visu_cartes/sprite-carte-xxl.png]
[mabanque.bnpparibas/content/dam/mabanque/rsc/contrib/image/generique/actions-rapides/arbitrage.png]
[mabanque.bnpparibas/content/dam/mabanque/rsc/contrib/image/generique/actions-rapides/versement-complementaire.png]
[mabanque.bnpparibas/content/dam/mabanque/rsc/contrib/image/generique/actions-rapides/versement-regulier.png]
[mabanque.bnpparibas/content/dam/mabanque/rsc/contrib/image/generique/actions-rapides/profil-de-risque.png]
[mabanque.bnpparibas/content/dam/mabanque/rsc/contrib/image/particuliers/simplidons/sprite-simplidons.png]
[mabanque.bnpparibas/content/dam/mabanque/rsc/contrib/image/particuliers/virement/flag/flag-sprites.png]
[mabanque.bnpparibas/content/dam/mabanque/rsc/contrib/image/particuliers/virement/barre-etapes.png]
[mabanque.bnpparibas/content/dam/mabanque/rsc/contrib/image/particuliers/virement/barre-etapes-blanc.png]
[mabanque.bnpparibas/content/dam/mabanque/rsc/contrib/image/particuliers/mes-demandes/client-bpf.png]
[mabanque.bnpparibas/content/dam/mabanque/rsc/contrib/image/particuliers/mes-demandes/credit.png]
[mabanque.bnpparibas/content/dam/mabanque/rsc/contrib/image/bpf/devenir-client/bg-header.png]
[mabanque.bnpparibas/content/dam/mabanque/rsc/contrib/image/bpf/devenir-client/one-pixel-black.jpg]
[mabanque.bnpparibas/content/dam/mabanque/rsc/contrib/image/particuliers/chat-new/icon-chat.png]
[mabanque.bnpparibas/content/dam/mabanque/rsc/contrib/image/particuliers/chat-new/icon-chat-mini.png]
[mabanque.bnpparibas/content/dam/mabanque/rsc/contrib/image/particuliers/chat-new/fleche-up.png]
[mabanque.bnpparibas/content/dam/mabanque/rsc/contrib/image/particuliers/chat-new/fleche-down.png]
[mabanque.bnpparibas/content/dam/mabanque/rsc/contrib/image/particuliers/chat-new/icon-chat-close.png]
[mabanque.bnpparibas/content/dam/mabanque/rsc/contrib/image/particuliers/chat-new/sprite-chat.png]
[mabanque.bnpparibas/content/dam/mabanque/rsc/contrib/image/particuliers/chat-new/fleche.png]
[mabanque.bnpparibas/content/dam/mabanque/rsc/contrib/image/particuliers/chat-new/icon-smiley.png]
[mabanque.bnpparibas/content/dam/mabanque/rsc/contrib/image/particuliers/chat-new/background-chat.png]
[mabanque.bnpparibas/content/dam/mabanque/rsc/contrib/image/generique/nps-bg.png]
[mabanque.bnpparibas/content/dam/mabanque/rsc/contrib/image/particuliers/trafic-crc/panneau-ferme.jpg]
[mabanque.bnpparibas/content/dam/mabanque/rsc/contrib/image/particuliers/trafic-crc/laptopMac.jpg]
[mabanque.bnpparibas/content/dam/mabanque/rsc/contrib/image/particuliers/trafic-crc/hourglass.png]
[mabanque.bnpparibas/content/dam/mabanque/rsc/contrib/image/particuliers/chat-new/sprite-chat-3.png]
[mabanque.bnpparibas/content/dam/mabanque/rsc/contrib/image/particuliers/voicebot/calendar-outlines.svg]
[mabanque.bnpparibas/content/dam/mabanque/rsc/contrib/image/particuliers/agregation/bkgr-agregation-authent.png]
[mabanque.bnpparibas/content/dam/mabanque/rsc/contrib/image/particuliers/prise_rdv/picto-ajouter-calendrier.png]
[mabanque.bnpparibas/content/dam/mabanque/rsc/contrib/image/particuliers/prise_rdv/picto-calendrier-check.png]
[mabanque.bnpparibas/content/dam/mabanque/rsc/contrib/image/particuliers/prise_rdv/picto-ajouter-calendrier-gris.png]
[mabanque.bnpparibas/content/dam/mabanque/rsc/contrib/image/generique/moz-select.png]
[mabanque.bnpparibas/content/dam/mabanque/rsc/contrib/image/generique/moz-select4.png]
[mabanque.bnpparibas/content/dam/mabanque/rsc/contrib/image/generique/sprite-carte-mobile.png]
[mabanque.bnpparibas/content/dam/mabanque/rsc/contrib/image/bpf/accueil/picto_secu_bouclier.png]
[mabanque.bnpparibas/etc.clientlibs/bnpparibas-part-site-front/clientlibs/clientlib-base.min.e0b6b2b62e1e932b5c2da338a2c41794.css]
[mabanque.bnpparibas/content/dam/mabanque/generique/bnp-alone.png]
[mabanque.bnpparibas/content/dam/mabanque/generique/sprite-header.png]
[mabanque.bnpparibas/content/dam/mabanque/generique/lock.png]
[mabanque.bnpparibas/content/dam/mabanque/rsc/contrib/html/particuliers/infographies/assurance/espace-sinistre/images/new-tab.svg]
[mabanque.bnpparibas/content/dam/mabanque/generique/picto-epargneHub.png]
[mabanque.bnpparibas/etc.clientlibs/bnpparibas-part-site-front/clientlibs/clientlib-component.min.ed8276b182c710329ea829d9d2e6100f.css]
[mabanque.bnpparibas/etc.clientlibs/bnpparibas-part-site-front/clientlibs/clientlib-site.min.27d7eb7eaf184c602357ffa45aa62d3f.css]
[mabanque.bnpparibas/content/dam/mabanque/rsc/contrib/image/particuliers/accueil/en/welcome.jpg]
[mabanque.bnpparibas/etc.clientlibs/bnpparibas-part-home-front/clientlibs/clientlib-base.min.af34b366a8a675e4bd369f7e9b143941.css]
[mabanque.bnpparibas/content/dam/mabanque/rsc/contrib/image/particuliers/faciliti/visuel-investo1.png]
[mabanque.bnpparibas/fr/accessibilite/acceo.html]
[mabanque.bnpparibas/content/dam/mabanque/rsc/contrib/image/particuliers/faciliti/visuel-pc.png]
[mabanque.bnpparibas/content/dam/mabanque/rsc/contrib/image/particuliers/faciliti/doc.svg]
[mabanque.bnpparibas/content/dam/mabanque/rsc/contrib/document/faciliti/Declaration_d_accessibilité_BNPParisBas_mabanquebnp_2020.pdf]
[mabanque.bnpparibas/etc.clientlibs/bnpparibas-part-landing-front/clientlibs/clientlib-legacy-accessibilite.min.72babb3666f55145a08d047747a60153.css]
[mabanque.bnpparibas/fr/accessibilite.html]
[mabanque.bnpparibas/etc.clientlibs/bnpparibas-part-site-front/clientlibs/clientlib-site.min.02fe4c2a05ac22455b7d7ac4190a65d6.css]
[mabanque.bnpparibas/etc.clientlibs/bnpparibas-socle-wcm-front/clientlibs/clientlib-not-connected.min.326e78f657ae4d7b921d07c78d5c27c2.js]
[mabanque.bnpparibas/etc.clientlibs/bnpparibas-socle-wcm-front/clientlibs/clientlib-jquery.min.abe9cab33c081b704c71f9098d94c053.js]
[mabanque.bnpparibas/etc.clientlibs/bnpparibas-socle-wcm-front/clientlibs/clientlib-bnpp-boot.min.c10ca0a78e6f7ecd2170b165b3ac90ed.js]
[mabanque.bnpparibas/en/contact-us/international-customer-contact-form4806.html]
[mabanque.bnpparibas/en/become-a-bnp-paribas-customer.html]
[mabanque.bnpparibas/en/managing-your-accounts/open-an-account/facilidom.html]
[mabanque.bnpparibas/en/managing-your-accounts/accounts-and-packages/individual-account.html]
[mabanque.bnpparibas/en/managing-your-accounts/accounts-and-packages/joint-checking-account.html]
[mabanque.bnpparibas/en/managing-your-accounts/cards-and-payment-methods/customize-your-card.html]
[mabanque.bnpparibas/en/managing-your-accounts/cards-and-payment-methods/all-cards.html]
[mabanque.bnpparibas/en/managing-your-accounts/cards-and-payment-methods/pay-with-your-mobile-device.html]
[mabanque.bnpparibas/en/loans/consumer-loans-and-credit.html]
[mabanque.bnpparibas/en/loans/mortgage-loans.html]
[mabanque.bnpparibas/en/insurance/housing/home-insurance.html]
[mabanque.bnpparibas/en/insurance/housing/alarm-and-remote-surveillance-system.html]
[mabanque.bnpparibas/en/insurance/housing/video-surveillance-home-insurance.html]
[mabanque.bnpparibas/en/insurance/housing/rental-property-investor-insurance.html]
[mabanque.bnpparibas/en/insurance/housing/mortgage-loan-insurance.html]
[mabanque.bnpparibas/en/insurance/housing/personal-loan-insurance.html]
[mabanque.bnpparibas/en/insurance/mobile-devices-payment-instruments/security.html]
[mabanque.bnpparibas/en/insurance/mobile-devices-payment-instruments/security-plus.html]
[mabanque.bnpparibas/en/insurance/family-and-health/school-insurance.html]
[mabanque.bnpparibas/en/insurance/family-and-health/international-students-health-insurance.html]
[mabanque.bnpparibas/en/savings/home-owner-savings-plans/home-ownership-savings-plan.html]
[mabanque.bnpparibas/en/savings/home-owner-savings-plans/home-ownership-savings-account.html]
[mabanque.bnpparibas/en/savings/savings-livret-accounts/livret-a-savings-account.html]
[mabanque.bnpparibas/en/savings/savings-livret-accounts/livret-jeune-savings-account.html]
[mabanque.bnpparibas/en/savings/savings-livret-accounts/savings-account.html]
[mabanque.bnpparibas/en/savings/savings-livret-accounts/popular-livret-savings-account.html]
[mabanque.bnpparibas/en/savings/savings-livret-accounts/solidarity-sustainable-development-livret.html]
[mabanque.bnpparibas/en/savings/investment-funds/awarded-funds.html]
[mabanque.bnpparibas/en/savings/investment-funds/our-funds-by-management-type.html]
[mabanque.bnpparibas/en/savings/investment-funds/real-estate-investment.html]
[mabanque.bnpparibas/en/contact-us/international-agencies.html]
[mabanque.bnpparibas/en/your-needs/international-customer/foreign-investors.html]
[mabanque.bnpparibas/en/home.html]
[mabanque.bnpparibas/en/your-needs/international-customer/expatriate.html]
[mabanque.bnpparibas/fr/devenir-client-bnp-paribas.html]
[mabanque.bnpparibas/fr/assurer/declarer-sinistre/assurance-auto-declarer-sinistre.html]
[mabanque.bnpparibas/fr/assurer/declarer-sinistre/assurance-habitation-declarer-sinistre.html]
[mabanque.bnpparibas/fr/assurer/declarer-sinistre/bnp-paribas-securite-et-securite-plus-declarer-sinistre.html]
[mabanque.bnpparibas/fr/assurer/declarer-sinistre/mobileo-mobileo2-declarer-sinistre.html]
[mabanque.bnpparibas/fr/gerer/ouvrir-un-compte/facilimouv.html]
[mabanque.bnpparibas/fr/gerer/ouvrir-un-compte/facilidom.html]
[mabanque.bnpparibas/fr/constituez-une-epargne-pour-votre-enfant.html]
[mabanque.bnpparibas/fr/gerer/comptes-et-formules/formules-esprit-libre.html]
[mabanque.bnpparibas/fr/gerer/comptes-et-formules/gerer-ses-comptes.html]
